// Jest Snapshot v1, https://goo.gl/fbAQLP

exports[`Header renders 1`] = `
<div>
  <header
    class="ph3 pv3 bg-light-red"
  >
    <a
      href="https://github.com/wKovacs64/meetup-raffle-web"
      class="github-corner"
      aria-label="Open GitHub project"
    >
      <svg
        width="80"
        height="80"
        viewBox="0 0 250 250"
        style="position: absolute; top: 0px; fill: #f4f4f4; right: 0px;"
      >
        <path
          class="octo-banner"
          d="M0 0l115 115h15l12 27 108 108V0z"
          fill="#111"
        />
        <path
          class="octo-arm"
          d="M128 109c-15-9-9-19-9-19 3-7 2-11 2-11-1-7 3-2 3-2 4 5 2 11 2 11-3 10 5 15 9 16"
        />
        <path
          class="octo-body"
          d="M115 115s4 2 5 0l14-14c3-2 6-3 8-3-8-11-15-24 2-41 5-5 10-7 16-7 1-2 3-7 12-11 0 0 5 3 7 16 4 2 8 5 12 9s7 8 9 12c14 3 17 7 17 7-4 8-9 11-11 11 0 6-2 11-7 16-16 16-30 10-41 2 0 3-1 7-5 11l-12 11c-1 1 1 5 1 5z"
        />
      </svg>
    </a>
    <div
      class="dt vh-25-ns center-ns"
    >
      <div
        class="dtc v-mid"
      >
        <h1
          class="f3 f2-m f1-l ma0 lh-title near-white"
        >
          <span
            role="img"
            aria-label="meeting"
          >
            🤝
          </span>
          meetup-raffle
          <span
            role="img"
            aria-label="ticket"
          >
            🎟️
          </span>
        </h1>
        <h3
          class="f6 f4-m f3-l ma0 lh-title"
        >
          Draw raffle winners at your Meetup event
        </h3>
      </div>
    </div>
  </header>
</div>
`;
