// Jest Snapshot v1, https://goo.gl/fbAQLP

exports[`ResetButtons renders 1`] = `
<div>
  <div
    class="flex flex-wrap justify-around mt4"
  >
    <button
      class="w-100 w5-ns f5 f4-ns b input-reset ba near-black b--near-black bg-white hover-bg-moon-gray pointer ph5 pv3 mb3 mb0-l shadow-5"
      type="button"
    >
      Reset
    </button>
    <button
      class="w-100 w5-ns f5 f4-ns b input-reset ba near-black b--near-black bg-white hover-bg-moon-gray pointer ph5 pv3 mb3 mb0-l shadow-5"
      type="button"
    >
      Draw Again
    </button>
  </div>
</div>
`;
