// Jest Snapshot v1, https://goo.gl/fbAQLP

exports[`CountStepper renders 1`] = `
<div>
  <div>
    <div
      class="mb3"
    >
      <label
        class="f4 f3-ns lh-copy dark-blue"
        for="foo"
      >
        Count:
      </label>
    </div>
    <span
      class="flex flex-row"
    >
      <button
        aria-label="decrement"
        class="bn bg-transparent h3 w3 pointer near-black"
        data-testid="decrement-button"
        type="button"
      >
        <svg
          fill="currentColor"
          preserveAspectRatio="xMidYMid meet"
          viewBox="0 0 40 40"
          xmlns="http://www.w3.org/2000/svg"
        >
          <g>
            <path
              d="m22.5 17.5v-5h-5v5h-5l7.5 10 7.5-10h-5z"
            />
          </g>
        </svg>
      </button>
      <input
        class="tc near-black w3 f3 pv1"
        id="foo"
        name="foo"
        pattern="[0-9]*"
        type="text"
        value="5"
      />
      <button
        aria-label="increment"
        class="bn bg-transparent h3 w3 pointer near-black"
        data-testid="increment-button"
        type="button"
      >
        <svg
          fill="currentColor"
          preserveAspectRatio="xMidYMid meet"
          viewBox="0 0 40 40"
          xmlns="http://www.w3.org/2000/svg"
        >
          <g>
            <path
              d="m20 12.5l-7.5 10h5v5h5v-5h5l-7.5-10z"
            />
          </g>
        </svg>
      </button>
    </span>
  </div>
</div>
`;
