// Jest Snapshot v1, https://goo.gl/fbAQLP

exports[`renders without crashing 1`] = `
<div
  class="flex flex-column h-100"
>
  <header
    class="ph3 pv3 bg-light-red"
  >
    <a
      aria-label="Open GitHub project"
      class="github-corner"
      href="https://github.com/wKovacs64/meetup-raffle"
    >
      <svg
        height="80"
        style="position: absolute; top: 0px; fill: #f4f4f4; right: 0px;"
        viewBox="0 0 250 250"
        width="80"
      >
        <path
          class="octo-banner"
          d="M0 0l115 115h15l12 27 108 108V0z"
          fill="#111"
        />
        <path
          class="octo-arm"
          d="M128 109c-15-9-9-19-9-19 3-7 2-11 2-11-1-7 3-2 3-2 4 5 2 11 2 11-3 10 5 15 9 16"
          style="transform-origin: 130px 106px;"
        />
        <path
          class="octo-body"
          d="M115 115s4 2 5 0l14-14c3-2 6-3 8-3-8-11-15-24 2-41 5-5 10-7 16-7 1-2 3-7 12-11 0 0 5 3 7 16 4 2 8 5 12 9s7 8 9 12c14 3 17 7 17 7-4 8-9 11-11 11 0 6-2 11-7 16-16 16-30 10-41 2 0 3-1 7-5 11l-12 11c-1 1 1 5 1 5z"
        />
      </svg>
    </a>
    <div
      class="dt vh-25-ns center-ns"
    >
      <div
        class="dtc v-mid"
      >
        <h1
          class="f3 f2-m f1-l ma0 lh-title near-white"
        >
          <span
            aria-label="meeting"
            role="img"
          >
            ü§ù
          </span>
           
          meetup-raffle
           
          <span
            aria-label="ticket"
            role="img"
          >
            üéüÔ∏è
          </span>
        </h1>
        <h3
          class="f6 f4-m f3-l ma0 lh-title"
        >
          Draw raffle winners at your Meetup event
        </h3>
      </div>
    </div>
  </header>
  <main
    class="flex flex-column flex-grow-1 flex-shrink-0 ph3 w-100 mw6-m mw7-l self-center-ns"
  >
    <form
      action="#"
    >
      <div
        class="mt3 mb4 mv4-ns"
      >
        <label
          class="f4 f3-ns lh-copy dark-blue"
          for="meetup"
        >
          Meetup name (from your URL):
        </label>
        <input
          class="input-reset f4 f3-ns near-black ba bw3 b--moon-gray mt3 pa2 w-100"
          id="meetup"
          name="meetup"
          placeholder="required"
          required=""
          type="text"
          value=""
        />
      </div>
      <div
        class="flex flex-column flex-row-ns items-end-ns justify-around-ns mv4"
      >
        <div
          class="self-center"
        >
          <div
            class="mb3"
          >
            <label
              class="f4 f3-ns lh-copy dark-blue"
              for="count"
            >
              Number of winners:
            </label>
          </div>
          <span
            class="flex flex-row"
          >
            <button
              aria-label="decrement"
              class="bn bg-transparent h3 w3 pointer silver"
              data-testid="decrement-button"
              disabled=""
              type="button"
            >
              <svg
                fill="currentColor"
                preserveAspectRatio="xMidYMid meet"
                viewBox="0 0 40 40"
                xmlns="http://www.w3.org/2000/svg"
              >
                <g>
                  <path
                    d="m22.5 17.5v-5h-5v5h-5l7.5 10 7.5-10h-5z"
                  />
                </g>
              </svg>
            </button>
            <input
              class="tc near-black w3 f3 pv1"
              id="count"
              name="count"
              pattern="[0-9]*"
              type="text"
              value="1"
            />
            <button
              aria-label="increment"
              class="bn bg-transparent h3 w3 pointer near-black"
              data-testid="increment-button"
              type="button"
            >
              <svg
                fill="currentColor"
                preserveAspectRatio="xMidYMid meet"
                viewBox="0 0 40 40"
                xmlns="http://www.w3.org/2000/svg"
              >
                <g>
                  <path
                    d="m20 12.5l-7.5 10h5v5h5v-5h5l-7.5-10z"
                  />
                </g>
              </svg>
            </button>
          </span>
        </div>
        <div
          class="mv4 mv0-ns"
        >
          <button
            class="db center-ns w-100 w5-ns f5 f4-ns b input-reset ba near-black b--near-black bg-white hover-bg-moon-gray pointer ph5 pv3 shadow-5"
            type="submit"
          >
            Draw
          </button>
        </div>
      </div>
    </form>
  </main>
</div>
`;
